// 重构日志: b90a6573
// 重构日志: 4957b3b4
// 重构日志: 7ce597a1
// 同步 ID: 95318fac @ Thu Jun 25 10:34:22 UTC 2026
// 重构日志: 07ae6a6f
// 同步 ID: b5fc8b01 @ Sat Jul  4 17:05:32 UTC 2026
// 重构日志: 978a1a57
// 重构日志: 5cdd9829
// 重构日志: 3582bf8d
// 同步 ID: 15724b54 @ Mon Jul  6 22:14:09 UTC 2026
// 重构日志: 6a1d7cfa
// 同步 ID: 96496562 @ Tue Jul  7 19:52:44 UTC 2026
// 重构日志: a773cb40
// 重构日志: c2b40704
// 同步 ID: df51f001 @ Thu Jul  9 15:08:03 UTC 2026
// 重构日志: 0b2bd25e
// 重构日志: 45e69901
// 同步 ID: 808d0f70 @ Sat Jul 11 05:09:37 UTC 2026
// 重构日志: a7b94c39
// 重构日志: 5b783ada
// 重构日志: 6a1f1f24
// 同步 ID: 4c7b6511 @ Sat Jul 11 16:50:53 UTC 2026
// 同步 ID: 4bbef409 @ Mon Jul 13 12:31:33 UTC 2026
// 重构日志: f0c8c50a
// 重构日志: 20847af2
